
> karaoke-app@0.1.0 dev
> next dev -H 0.0.0.0

⚠ Port 3000 is in use by process 93103, using available port 3001 instead.
▲ Next.js 16.2.6 (Turbopack)
- Local:         http://localhost:3001
- Network:       http://0.0.0.0:3001
- Environments: .env.local
✓ Ready in 805ms
⚠ Warning: Next.js inferred your workspace root, but it may not be correct.
 We detected multiple lockfiles and selected the directory of /Users/Nate/package-lock.json as the root directory.
 To silence this warning, set `turbopack.root` in your Next.js config, or consider removing one of the lockfiles if it's not needed.
   See https://nextjs.org/docs/app/api-reference/config/next-config-js/turbopack#root-directory for more information.
 Detected additional lockfiles: 
   * /Users/Nate/Desktop/GenAIProjects/KaraokeStreaming/package-lock.json
   * /Users/Nate/Desktop/package-lock.json

⨯ Another next dev server is already running.

- Local:        http://localhost:3000
- PID:          93103
- Dir:          /Users/Nate/Desktop/GenAIProjects/KaraokeStreaming
- Log:          .next/dev/logs/next-development.log

Run kill 93103 to stop it.
[?25h
